
> mesharktech-portfolio@0.1.0 build
> next build

Γû▓ Next.js 16.1.6 (Turbopack)
- Environments: .env.local

  Creating an optimized production build ...
Γ£ô Compiled successfully in 12.2s
  Running TypeScript ...
  Collecting page data using 5 workers ...
node.exe : ΓÜá Using edge 
runtime on a page 
currently disables static 
generation for that page
At line:1 char:1
+ & "C:\Program 
Files\nodejs/node.exe" "C:
\Users\USER\AppData\Roamin
g\n ...
+ ~~~~~~~~~~~~~~~~~~~~~~~~
~~~~~~~~~~~~~~~~~~~~~~~~~~
~~~~~~~~~~~~~~~~~~~
    + CategoryInfo        
      : NotSpecified: (Γ  
  Üá Using edge ...n fo   
 r that page:String) [    
], RemoteException
    + FullyQualifiedError 
   Id : NativeCommandErr  
  or
 
  Generating static pages using 5 workers (0/12) ...
  Generating static pages using 5 workers (3/12) 
  Generating static pages using 5 workers (6/12) 
  Generating static pages using 5 workers (9/12) 
Γ£ô Generating static pages using 5 workers (12/12) in 1362.5ms
  Finalizing page optimization ...

Route (app)
Γöî Γùï /
Γö£ Γùï /_not-found
Γö£ Γùï /about
Γö£ Γùï /admin/marketing
Γö£ ╞Æ /api/chat
Γö£ ╞Æ /api/contact
Γö£ ╞Æ /api/feedback
Γö£ ╞Æ /api/marketing/generate
Γö£ Γùï /contact
Γö£ Γùï /icon.svg
Γö£ Γùï /projects
Γö£ Γùï /robots.txt
Γö£ Γùï /services
Γöö Γùï /sitemap.xml


Γùï  (Static)   prerendered as static content
╞Æ  (Dynamic)  server-rendered on demand

